// Jest Snapshot v1, https://goo.gl/fbAQLP

exports[`Filter component should render Filter component 1`] = `
<styled.div>
  <styled.h2>
    Sort by:
  </styled.h2>
  <styled.select
    onChange={[Function]}
    value="title"
  >
    <styled.option
      value="title"
    >
      Name
    </styled.option>
    <styled.option
      value="created_at"
    >
      Date Created
    </styled.option>
    <styled.option
      value="updated_at"
    >
      Date Modified
    </styled.option>
  </styled.select>
</styled.div>
`;
