// Jest Snapshot v1, https://goo.gl/fbAQLP

exports[`Home component should render Home component 1`] = `
<Fragment>
  <styled.div>
    <styled.h1>
      InBigNotes
    </styled.h1>
    <styled.div>
      <Button
        color="green"
        disabled={true}
        onClick={[Function]}
        text="Create"
        type="button"
      />
      <Button
        color="red"
        disabled={false}
        onClick={[Function]}
        text="Delete"
        type="button"
      />
    </styled.div>
  </styled.div>
  <ControlPanel
    fetchNotes={[Function]}
    filter="title"
    filterAction={[Function]}
    notes={
      Array [
        Object {
          "created_at": 1632734670806,
          "id": "b83cbac2-d74e-458d-85c0-75bdf9c29ba3",
          "text": "An army, ground force, or land force is a fighting force that fights primarily on land.",
          "title": "Army",
          "updated_at": 1632735522467,
        },
      ]
    }
    selectAllNotes={[Function]}
    selectedNotes={
      Array [
        "b83cbac2-d74e-458d-85c0-75bdf9c29ba3",
      ]
    }
    unselectAllNotes={[Function]}
  />
  <ListNotes
    addSelectedNote={[Function]}
    navigateToPage={[Function]}
    notes={
      Array [
        Object {
          "created_at": 1632734670806,
          "id": "b83cbac2-d74e-458d-85c0-75bdf9c29ba3",
          "text": "An army, ground force, or land force is a fighting force that fights primarily on land.",
          "title": "Army",
          "updated_at": 1632735522467,
        },
      ]
    }
    removeUnselectedNote={[Function]}
    selectedNotes={
      Array [
        "b83cbac2-d74e-458d-85c0-75bdf9c29ba3",
      ]
    }
  />
  <Modal
    action={[Function]}
    active={false}
    buttonCancelText=""
    buttonConfirmText=""
    modalText=""
    onClose={[Function]}
  />
</Fragment>
`;
