// Jest Snapshot v1, https://goo.gl/fbAQLP

exports[`HomeContainer handlers handleNavigateToHome should call method 1`] = `
<HomeContainer
  addSelectedNoteAction={[Function]}
  deleteNotesAction={[Function]}
  error={true}
  fetchNotesAction={[Function]}
  filterAction={[Function]}
  filterType="title"
  isLoading={false}
  navigateToPageAction={[Function]}
  notes={
    Array [
      Object {
        "created_at": 1632734670806,
        "id": "b83cbac2-d74e-458d-85c0-75bdf9c29ba3",
        "text": "An army, ground force, or land force is a fighting force that fights primarily on land.",
        "title": "Army",
        "updated_at": 1632735522467,
      },
    ]
  }
  removeUnselectedNoteAction={[Function]}
  resetStoreAction={[Function]}
  selectAllNotesAction={[Function]}
  selectedNotes={
    Array [
      "b83cbac2-d74e-458d-85c0-75bdf9c29ba3",
    ]
  }
  unselectAllNotesAction={[Function]}
>
  <Error
    navigateToPage={[Function]}
  >
    <styled.div>
      <StyledComponent
        forwardedComponent={
          Object {
            "$$typeof": Symbol(react.forward_ref),
            "attrs": Array [],
            "componentStyle": ComponentStyle {
              "componentId": "sc-ifAKCX",
              "isStatic": false,
              "lastClassName": "hnFqxz",
              "rules": Array [
                "
	display: flex;
	justify-content: center;
	align-items: center;
	height: 100vh;
	flex-direction: column;
",
              ],
            },
            "foldedComponentIds": Array [],
            "render": [Function],
            "styledComponentId": "sc-ifAKCX",
            "target": "div",
            "toString": [Function],
            "warnTooManyClasses": [Function],
            "withComponent": [Function],
          }
        }
        forwardedRef={null}
      >
        <div
          className="sc-ifAKCX hnFqxz"
        >
          <styled.h1>
            <StyledComponent
              forwardedComponent={
                Object {
                  "$$typeof": Symbol(react.forward_ref),
                  "attrs": Array [],
                  "componentStyle": ComponentStyle {
                    "componentId": "sc-EHOje",
                    "isStatic": false,
                    "lastClassName": "cZbWXx",
                    "rules": Array [
                      "
    margin: 10px;
",
                    ],
                  },
                  "foldedComponentIds": Array [],
                  "render": [Function],
                  "styledComponentId": "sc-EHOje",
                  "target": "h1",
                  "toString": [Function],
                  "warnTooManyClasses": [Function],
                  "withComponent": [Function],
                }
              }
              forwardedRef={null}
            >
              <h1
                className="sc-EHOje cZbWXx"
              >
                404 - Not Found!
              </h1>
            </StyledComponent>
          </styled.h1>
          <Button
            color="green"
            onClick={[Function]}
            text="Go home"
            type="button"
          >
            <styled.button
              color="green"
              onClick={[Function]}
              type="button"
            >
              <StyledComponent
                color="green"
                forwardedComponent={
                  Object {
                    "$$typeof": Symbol(react.forward_ref),
                    "attrs": Array [],
                    "componentStyle": ComponentStyle {
                      "componentId": "sc-bxivhb",
                      "isStatic": false,
                      "lastClassName": "gubkwj",
                      "rules": Array [
                        "
    min-width: 170px;
    border-radius: 15px;
    color: ",
                        "#FFFFFF",
                        ";
    padding: 10px 25px;
    transition-duration: .1s;
    font-style: normal;
    font-weight: bold;
    font-size: 24px;
    &:hover {
        background-color: ",
                        "#FFFFFF",
                        ";
    }
    &:disabled {
        opacity: .5;
        border: 4px solid ",
                        "#808080",
                        ";
        background-color: ",
                        "#808080",
                        ";
        &:hover { 
            background-color: ",
                        "#808080",
                        ";
            color: ",
                        "#FFFFFF",
                        ";
            cursor: default;
        }
    }
    ",
                        [Function],
                        "
    ",
                        [Function],
                        "
    @media (max-width: 450px) {
        min-width: auto;
        width: 100%;
    }
",
                      ],
                    },
                    "foldedComponentIds": Array [],
                    "render": [Function],
                    "styledComponentId": "sc-bxivhb",
                    "target": "button",
                    "toString": [Function],
                    "warnTooManyClasses": [Function],
                    "withComponent": [Function],
                  }
                }
                forwardedRef={null}
                onClick={[Function]}
                type="button"
              >
                <button
                  className="sc-bxivhb gubkwj"
                  color="green"
                  onClick={[Function]}
                  type="button"
                >
                  Go home
                </button>
              </StyledComponent>
            </styled.button>
          </Button>
        </div>
      </StyledComponent>
    </styled.div>
  </Error>
</HomeContainer>
`;

exports[`HomeContainer should render HomeContainer 1`] = `
<Fragment>
  <Home
    addSelectedNote={[Function]}
    deleteNotes={[Function]}
    fetchNotes={[Function]}
    filterAction={[Function]}
    filterType="title"
    navigateToPage={[Function]}
    notes={
      Array [
        Object {
          "created_at": 1632734670806,
          "id": "b83cbac2-d74e-458d-85c0-75bdf9c29ba3",
          "text": "An army, ground force, or land force is a fighting force that fights primarily on land.",
          "title": "Army",
          "updated_at": 1632735522467,
        },
      ]
    }
    removeUnselectedNote={[Function]}
    selectAllNotes={[Function]}
    selectedNotes={
      Array [
        "b83cbac2-d74e-458d-85c0-75bdf9c29ba3",
      ]
    }
    unselectAllNotes={[Function]}
  />
</Fragment>
`;

exports[`HomeContainer should render Loader 1`] = `
<Fragment>
  <Loader />
</Fragment>
`;
