// Jest Snapshot v1, https://goo.gl/fbAQLP

exports[`ControlPanel component should render ControlPanel component 1`] = `
<styled.div>
  <Filter
    fetchNotes={[Function]}
    filter="title"
    filterAction={[Function]}
  />
  <styled.div>
    <styled.p>
      Select all 
      (1)
    </styled.p>
    <Checkbox
      checked={true}
      onChange={[Function]}
    />
  </styled.div>
</styled.div>
`;
