// Jest Snapshot v1, https://goo.gl/fbAQLP

exports[`NoteComponent component should render NoteComponent component 1`] = `
<styled.li>
  <styled.div
    onClick={[Function]}
  >
    <styled.h3>
      Army
    </styled.h3>
    <styled.p>
      An army, ground force, or land force is a fighting force that fights primarily on land.
    </styled.p>
    <styled.div />
    <styled.p>
      Created: 
      27.09.21 12:24:30
    </styled.p>
    <styled.p>
      Modified: 
      27.09.21 12:38:42
    </styled.p>
  </styled.div>
  <Checkbox
    checked={true}
    onChange={[Function]}
  />
</styled.li>
`;
